{"gainMapMin":[0.000312,0.034719,0.053824],"gainMapMax":[3.522114,3.060263,2.706481],"gamma":[0.336811,0.357914,0.386615],"offsetSdr":[0.225551,0.225551,0.225551],"offsetHdr":[0.225551,0.225551,0.225551],"hdrCapacityMin":0,"hdrCapacityMax":4}