{"gainMapMin":[-0.135098,-0.133564,-0.128712],"gainMapMax":[2.941015,2.410044,1.595006],"gamma":[0.36099,0.406118,0.538082],"offsetSdr":[0.02503,0.02503,0.02503],"offsetHdr":[0.02503,0.02503,0.02503],"hdrCapacityMin":0,"hdrCapacityMax":4}