{"gainMapMin":[0,0,0],"gainMapMax":[15.9993,15.9993,15.9993],"gamma":[1,1,1],"offsetSdr":[0.015625,0.015625,0.015625],"offsetHdr":[0.015625,0.015625,0.015625],"hdrCapacityMin":0,"hdrCapacityMax":15.9993}