{"gainMapMin":[-0.141127,-0.107269,-0.309696],"gainMapMax":[2.474807,2.453772,2.44652],"gamma":[0.250409,0.25,0.325208],"offsetSdr":[0.183221,0.183221,0.183221],"offsetHdr":[0.183221,0.183221,0.183221],"hdrCapacityMin":0,"hdrCapacityMax":2.8}