{"gainMapMin":[0.000017,-0.000003,0.000012],"gainMapMax":[0.849514,0.748561,0.753096],"gamma":[0.25,0.25,0.25],"offsetSdr":[10.308957,10.308957,10.308957],"offsetHdr":[10.308957,10.308957,10.308957],"hdrCapacityMin":0,"hdrCapacityMax":4}