{"gainMapMin":[-0.014377,-0.005596,-0.004277],"gainMapMax":[1.560281,1.560309,1.560328],"gamma":[0.25,0.25,0.25],"offsetSdr":[6.695587,6.695587,6.695587],"offsetHdr":[6.695587,6.695587,6.695587],"hdrCapacityMin":0,"hdrCapacityMax":4}