{"gainMapMin":[-0.950004,-1.06685,-1.203979],"gainMapMax":[3.961703,3.737166,3.259504],"gamma":[0.622845,0.726034,0.869492],"offsetSdr":[0.028746,0.028746,0.028746],"offsetHdr":[0.028746,0.028746,0.028746],"hdrCapacityMin":0,"hdrCapacityMax":4}