{"gainMapMin":[-0.551779,-0.542884,-0.529494],"gainMapMax":[3.270427,3.225892,3.196919],"gamma":[0.42047,0.420672,0.421504],"offsetSdr":[0.017543,0.017543,0.017543],"offsetHdr":[0.017543,0.017543,0.017543],"hdrCapacityMin":0,"hdrCapacityMax":3.9}