{"gainMapMin":[0.023869,0.075191,0.142298],"gainMapMax":[3.527605,2.830234,1.537243],"gamma":[0.506828,0.590032,1.517708],"offsetSdr":[0.046983,0.046983,0.046983],"offsetHdr":[0.046983,0.046983,0.046983],"hdrCapacityMin":0,"hdrCapacityMax":3.9}