{"gainMapMin":[-0.144892,-0.140972,-0.065712],"gainMapMax":[3.482396,3.126128,2.75434],"gamma":[0.252136,0.263644,0.25],"offsetSdr":[0.37841,0.37841,0.37841],"offsetHdr":[0.37841,0.37841,0.37841],"hdrCapacityMin":0,"hdrCapacityMax":4}