{"gainMapMin":[-0.012107,-0.028537,-0.071069],"gainMapMax":[2.668896,2.580987,2.457281],"gamma":[0.260823,0.354576,0.47235],"offsetSdr":[0.09302,0.09302,0.09302],"offsetHdr":[0.09302,0.09302,0.09302],"hdrCapacityMin":0,"hdrCapacityMax":4}