{"sdr":{"metadata":{"version":4.6,"type":"Texture","generator":"Texture.toJSON"},"uuid":"55327fab-b82f-4596-92f7-3477261b561a","name":"","image":"28892867-3d10-4beb-899d-055d9994648f","mapping":300,"channel":0,"repeat":[1,1],"offset":[0,0],"center":[0,0],"rotation":0,"wrap":[1001,1001],"format":1023,"internalFormat":null,"type":1009,"colorSpace":"srgb","minFilter":1008,"magFilter":1006,"anisotropy":1,"flipY":true,"generateMipmaps":true,"premultiplyAlpha":false,"unpackAlignment":4},"gainMap":{"metadata":{"version":4.6,"type":"Texture","generator":"Texture.toJSON"},"uuid":"faa11cf8-81f1-436b-92e6-62526490046a","name":"","image":"369e2641-90ff-4df5-966d-86e5eda0610f","mapping":300,"channel":0,"repeat":[1,1],"offset":[0,0],"center":[0,0],"rotation":0,"wrap":[1001,1001],"format":1023,"internalFormat":null,"type":1009,"colorSpace":"srgb-linear","minFilter":1008,"magFilter":1006,"anisotropy":1,"flipY":true,"generateMipmaps":true,"premultiplyAlpha":false,"unpackAlignment":4},"offsetHdr":[0.015625,0.015625,0.015625],"offsetSdr":[0.015625,0.015625,0.015625],"gainMapMin":[0,0,0],"gainMapMax":[15.9993,15.9993,15.9993],"gamma":[1,1,1],"hdrCapacityMin":0,"hdrCapacityMax":15.9993,"maxDisplayBoost":65504.20944752219}