{"sdr":{"metadata":{"version":4.7,"type":"Texture","generator":"Texture.toJSON"},"uuid":"6899e4df-7159-420f-bb47-9de59da933bc","name":"","image":"c3ce0f49-48fc-41f9-b852-fe44277cd894","mapping":300,"channel":0,"repeat":[1,1],"offset":[0,0],"center":[0,0],"rotation":0,"wrap":[1001,1001],"format":1023,"internalFormat":null,"type":1009,"colorSpace":"srgb","minFilter":1008,"magFilter":1006,"anisotropy":1,"flipY":true,"generateMipmaps":true,"premultiplyAlpha":false,"unpackAlignment":4},"gainMap":{"metadata":{"version":4.7,"type":"Texture","generator":"Texture.toJSON"},"uuid":"9d055acc-3048-475d-ba69-25607f582a3d","name":"","image":"d7a3559f-2660-4ba6-ba83-9fc2ea636e9a","mapping":300,"channel":0,"repeat":[1,1],"offset":[0,0],"center":[0,0],"rotation":0,"wrap":[1001,1001],"format":1023,"internalFormat":null,"type":1009,"colorSpace":"srgb-linear","minFilter":1008,"magFilter":1006,"anisotropy":1,"flipY":true,"generateMipmaps":true,"premultiplyAlpha":false,"unpackAlignment":4},"offsetHdr":[0.015625,0.015625,0.015625],"offsetSdr":[0.015625,0.015625,0.015625],"gainMapMin":[0,0,0],"gainMapMax":[15.9993,15.9993,15.9993],"gamma":[1,1,1],"hdrCapacityMin":0,"hdrCapacityMax":15.9993,"maxDisplayBoost":65504.20944752219}